#-----------------------------------------------------------
# Vivado v2019.1 (64-bit)
# SW Build 2552052 on Fri May 24 14:49:42 MDT 2019
# IP Build 2548770 on Fri May 24 18:01:18 MDT 2019
# Start of session at: Sun Jun 18 15:10:53 2023
# Process ID: 21444
# Current directory: C:/Users/Asif/VivadoProjects/Lab6_Task6
# Command line: vivado.exe -gui_launcher_event rodinguilauncherevent5728 C:\Users\Asif\VivadoProjects\Lab6_Task6\Lab6_Task6.xpr
# Log file: C:/Users/Asif/VivadoProjects/Lab6_Task6/vivado.log
# Journal file: C:/Users/Asif/VivadoProjects/Lab6_Task6\vivado.jou
#-----------------------------------------------------------
start_gui
open_project C:/Users/Asif/VivadoProjects/Lab6_Task6/Lab6_Task6.xpr
update_compile_order -fileset sources_1
file mkdir C:/Users/Asif/VivadoProjects/Lab6_Task6/Lab6_Task6.srcs/sim_1/new
set_property SOURCE_SET sources_1 [get_filesets sim_1]
close [ open C:/Users/Asif/VivadoProjects/Lab6_Task6/Lab6_Task6.srcs/sim_1/new/MUX_16x1_Sim.v w ]
add_files -fileset sim_1 C:/Users/Asif/VivadoProjects/Lab6_Task6/Lab6_Task6.srcs/sim_1/new/MUX_16x1_Sim.v
update_compile_order -fileset sim_1
update_compile_order -fileset sim_1
launch_simulation
source MUX_16x1_Sim.tcl
close_sim
