#-----------------------------------------------------------
# Vivado v2019.1 (64-bit)
# SW Build 2552052 on Fri May 24 14:49:42 MDT 2019
# IP Build 2548770 on Fri May 24 18:01:18 MDT 2019
# Start of session at: Wed Jul 26 17:36:12 2023
# Process ID: 15976
# Current directory: C:/Users/Asif/VivadoProjects/Testing_grounds
# Command line: vivado.exe -gui_launcher_event rodinguilauncherevent3540 C:\Users\Asif\VivadoProjects\Testing_grounds\Testing_grounds.xpr
# Log file: C:/Users/Asif/VivadoProjects/Testing_grounds/vivado.log
# Journal file: C:/Users/Asif/VivadoProjects/Testing_grounds\vivado.jou
#-----------------------------------------------------------
start_gui
open_project C:/Users/Asif/VivadoProjects/Testing_grounds/Testing_grounds.xpr
update_compile_order -fileset sources_1
update_compile_order -fileset sim_1
launch_simulation
launch_simulation
source Simulator.tcl
close_sim
launch_simulation
source Simulator.tcl
close_sim
launch_simulation
launch_simulation
source Simulator.tcl
close_sim
launch_simulation
source Simulator.tcl
close_sim
launch_simulation
source Simulator.tcl
close_sim
close [ open C:/Users/Asif/VivadoProjects/Testing_grounds/Testing_grounds.srcs/sources_1/new/Random_module_2.v w ]
add_files C:/Users/Asif/VivadoProjects/Testing_grounds/Testing_grounds.srcs/sources_1/new/Random_module_2.v
update_compile_order -fileset sources_1
close [ open C:/Users/Asif/VivadoProjects/Testing_grounds/Testing_grounds.srcs/sources_1/new/Top_module.v w ]
add_files C:/Users/Asif/VivadoProjects/Testing_grounds/Testing_grounds.srcs/sources_1/new/Top_module.v
update_compile_order -fileset sources_1
update_compile_order -fileset sources_1
launch_simulation
source Simulator.tcl
close_sim
launch_simulation
source Simulator.tcl
close_sim
launch_simulation
source Simulator.tcl
close_sim
launch_simulation
source Simulator.tcl
close_sim
launch_simulation
source Simulator.tcl
close_sim
launch_simulation
source Simulator.tcl
close_sim
launch_simulation
source Simulator.tcl
close_sim
